// Jest Snapshot v1, https://goo.gl/fbAQLP

exports[`Renders RocketsItems component correctly 1`] = `
<div
  className="rockets"
>
  <ul />
</div>
`;
